C51 COMPILER V9.60.0.0   MAIN                                                              04/07/2022 23:15:30 PAGE 1   


C51 COMPILER V9.60.0.0, COMPILATION OF MODULE MAIN
OBJECT MODULE PLACED IN .\Objects\main.obj
COMPILER INVOKED BY: D:\software\Keil_V5\C51\BIN\C51.EXE main.c OPTIMIZE(8,SPEED) BROWSE DEBUG OBJECTEXTEND PRINT(.\List
                    -ings\main.lst) OBJECT(.\Objects\main.obj)

line level    source

   1          #include <REGX52.H>
   2          #include "my_lib.h"
   3          
   4          #define FOSC 11059200
   5          #define T1MS (65536 - FOSC/12/1000) //1ms timer calculation method in 12T mode
   6          
   7          U8 count = 0;
   8          
   9          sbit TEST_LED = P2^0;
  10          
  11          void timer0_routine(void) interrupt 1 {
  12   1          // timer count init
  13   1          TL0 = T1MS;
  14   1          TH0 = T1MS >> 8;
  15   1          if(count-- == 0) {
  16   2              if (checkBtnPressedAt(1)) {
  17   3                  P2_1 = !P2_1;
  18   3              } else if(checkBtnPressedAt(2)) {
  19   3                  P2_2 = !P2_2;
  20   3              }
  21   2              TEST_LED = !TEST_LED;
  22   2          }
  23   1      }
  24          
  25          void int0_init(void) {
  26   1          EA = 1; // enable global interrupt
  27   1          ET0 = 1; // enable T0
  28   1          PT0 = 0; // low priority
  29   1          
  30   1          TMOD &= 0xF0;
  31   1          TMOD |= 0x01;
  32   1          TR0 = 1;
  33   1          TF0 = 0;
  34   1          // timer count init
  35   1          TL0 = T1MS;
  36   1          TH0 = T1MS >> 8;
  37   1      }
  38          
  39          void main(void) {
  40   1          int0_init();
  41   1          P2_0 = 0;
  42   1          while(1);
  43   1      }


MODULE INFORMATION:   STATIC OVERLAYABLE
   CODE SIZE        =    123    ----
   CONSTANT SIZE    =   ----    ----
   XDATA SIZE       =   ----    ----
   PDATA SIZE       =   ----    ----
   DATA SIZE        =      1    ----
   IDATA SIZE       =   ----    ----
   BIT SIZE         =   ----    ----
END OF MODULE INFORMATION.

C51 COMPILER V9.60.0.0   MAIN                                                              04/07/2022 23:15:30 PAGE 2   


C51 COMPILATION COMPLETE.  0 WARNING(S),  0 ERROR(S)
