C51 COMPILER V9.60.0.0   MY_LIB                                                            04/07/2022 23:15:30 PAGE 1   


C51 COMPILER V9.60.0.0, COMPILATION OF MODULE MY_LIB
OBJECT MODULE PLACED IN .\Objects\my_lib.obj
COMPILER INVOKED BY: D:\software\Keil_V5\C51\BIN\C51.EXE my_lib.c OPTIMIZE(8,SPEED) BROWSE DEBUG OBJECTEXTEND PRINT(.\Li
                    -stings\my_lib.lst) OBJECT(.\Objects\my_lib.obj)

line level    source

   1          #include <REGX52.H>
   2          #include "my_lib.h"
   3          
   4          
   5          /**
   6           * if pressed, return 1; else return 0.
   7           */
   8          U8 checkBtnPressedAt(U8 i) {
   9   1          U16 period = 20;
  10   1          switch(i) {
  11   2              // pos 1 and 2 are reversed
  12   2              case 1:
  13   2                  if (P3_1 == 0) {
  14   3                      return 1;
  15   3                  }
  16   2                  return 0;
  17   2              case 2:
  18   2                  if (P3_0 == 0) {
  19   3                      return 1;
  20   3                  }
  21   2                  return 0;
  22   2              case 3:
  23   2                  if (P3_2 == 0) {
  24   3                      return 1;
  25   3                  }
  26   2                  return 0;
  27   2              case 4:
  28   2                  if (P3_3 == 0) {
  29   3                      return 1;
  30   3                  }
  31   2                  return 0;
  32   2              default: return 0;
  33   2          }
  34   1      }


MODULE INFORMATION:   STATIC OVERLAYABLE
   CODE SIZE        =     60    ----
   CONSTANT SIZE    =   ----    ----
   XDATA SIZE       =   ----    ----
   PDATA SIZE       =   ----    ----
   DATA SIZE        =   ----       2
   IDATA SIZE       =   ----    ----
   BIT SIZE         =   ----    ----
END OF MODULE INFORMATION.


C51 COMPILATION COMPLETE.  0 WARNING(S),  0 ERROR(S)
