C51 COMPILER V9.60.0.0   NEXIE2                                                            04/13/2022 21:07:12 PAGE 1   


C51 COMPILER V9.60.0.0, COMPILATION OF MODULE NEXIE2
OBJECT MODULE PLACED IN .\Objects\nexie2.obj
COMPILER INVOKED BY: D:\software\Keil_V5\C51\BIN\C51.EXE nexie2.c OPTIMIZE(8,SPEED) BROWSE DEBUG OBJECTEXTEND PRINT(.\Li
                    -stings\nexie2.lst) OBJECT(.\Objects\nexie2.obj)

line level    source

   1          #include <REGX52.H>
   2          #include "type_def.h"
   3          
   4          U8 gDark = 0x00;
   5          // com positive
   6          U8 nexieNumCode[11] = {0x3F, 0x06, 0x5B, 0x4F, 0x66, 0x6D, 0x7D, 0x07, 0x7F, 0x6F, 0x40};
   7          
   8          void delayXms(U16 x) {
   9   1          U8 i = 100;
  10   1          while(x--) {
  11   2              while(--i);
  12   2          }
  13   1      }
  14          
  15          void markNumNexie(U8 position, U8 value) {
  16   1          U8 actPos = (position > 0 && position < 10) ? (position - 1) : 0;
  17   1          P2 = 0x00;
  18   1          P2_2 = actPos & 0x01;
  19   1          P2_3 = actPos & 0x02;
  20   1          P2_4 = actPos & 0x04;
  21   1      
  22   1          if (value <= 10) {
  23   2              P0 = nexieNumCode[value];
  24   2          } else {
  25   2              P0 = gDark;
  26   2          }
  27   1          
  28   1          delayXms(1);
  29   1          P0 = gDark;
  30   1      }


MODULE INFORMATION:   STATIC OVERLAYABLE
   CODE SIZE        =     97    ----
   CONSTANT SIZE    =   ----    ----
   XDATA SIZE       =   ----    ----
   PDATA SIZE       =   ----    ----
   DATA SIZE        =     12    ----
   IDATA SIZE       =   ----    ----
   BIT SIZE         =   ----    ----
END OF MODULE INFORMATION.


C51 COMPILATION COMPLETE.  0 WARNING(S),  0 ERROR(S)
